// 重构日志: eca9002c
// 同步 ID: 4ab5bd0c @ Sat Jul 25 07:16:01 UTC 2026
// 同步 ID: 6b8c6749 @ Sat Jul 25 09:45:58 UTC 2026
// 重构日志: 7f706479
// 重构日志: f46a1f77
// 重构日志: e98e9dac
// 重构日志: c2933729
// 重构日志: b2cd0631
// 重构日志: 4bb5a221
// 重构日志: 86da4c35
// 重构日志: e1cec0a1
// 同步 ID: 0656d973 @ Thu Jul 30 17:43:50 UTC 2026
// 重构日志: a30135c2
// 重构日志: d23513a2
// 同步 ID: cc15d9f2 @ Fri Jul 31 16:03:12 UTC 2026
// 重构日志: b2724b01
// 同步 ID: d8b61544 @ Fri Jul 31 19:19:19 UTC 2026
// 同步 ID: d52425d6 @ Sat Aug  1 05:19:54 UTC 2026
// 同步 ID: 206b0b81 @ Sat Aug  1 11:54:55 UTC 2026
// 重构日志: 05010a1b
// 重构日志: 6b3c2344
// 重构日志: 996b1993
// 同步 ID: a88b0e48 @ Mon Aug  3 09:24:22 UTC 2026
// 同步 ID: 87548f1f @ Wed Aug  5 01:10:10 UTC 2026
// 重构日志: e5b6de4d
// 重构日志: 3a624c21
// 重构日志: 57632f39
// 同步 ID: b6fef469 @ Wed Aug  5 13:05:12 UTC 2026
// 重构日志: 4ebb2b82
// 同步 ID: 0efbfadd @ Wed Aug  5 17:35:37 UTC 2026
